Repeates: 2
There are 2 lines. The longest line is of length 11 and the most repeats of the special character in a single line is 2.
---
Repeates: 0
There are 10 lines. The longest line is of length 55 and the most repeats of the special character in a single line is 0.
---
Repeates: 8
There are 21 lines. The longest line is of length 48 and the most repeats of the special character in a single line is 8.
---
Repeates: 6
There are 15 lines. The longest line is of length 43 and the most repeats of the special character in a single line is 6.
---
Repeates: 4
There are 19 lines. The longest line is of length 37 and the most repeats of the special character in a single line is 4.
---
Repeates: 7
There are 25 lines. The longest line is of length 44 and the most repeats of the special character in a single line is 7.
---
Repeates: 7
There are 14 lines. The longest line is of length 32 and the most repeats of the special character in a single line is 7.
---
Repeates: 5
There are 21 lines. The longest line is of length 30 and the most repeats of the special character in a single line is 5.
---
Repeates: 6
There are 16 lines. The longest line is of length 30 and the most repeats of the special character in a single line is 6.
---
Repeates: 4
There are 11 lines. The longest line is of length 31 and the most repeats of the special character in a single line is 4.
---
Repeates: 8
There are 11 lines. The longest line is of length 32 and the most repeats of the special character in a single line is 8.
---
Repeates: 0
There are 1 lines. The longest line is of length 0 and the most repeats of the special character in a single line is 0.